A.X.R Barricade.txt
A.X.R Bulldog.txt
A.X.R Crater.txt
A.X.R FS-627-SENDER(1).txt
A.X.R HexBlade.txt
A.X.R LAMB Hover Bike Class Cruiser.txt
A.X.R X-2 PIERCER.txt
Abyssal Sword.txt
Admin (LUA).txt
AER 7.txt
Air Bending.txt
Animation Gui.txt
Anonymous Particles.txt
Aoi No Yami.txt
Apoc car speed.txt
Apoc DANK GUI.txt
Apoc Esp.txt
Apoc GUI 2.txt
Apoc GUI 3.txt
Apoc Inf every.txt
Apoc Infinite Hunger and Thirst.txt
Apoc Loopheal.txt
Apoc Message.txt
Apoc Messige.txt
Apoc Script Kill.txt
Apoc Spawn.txt
Apoc TP all Cars.txt
Armored Getobjects Sellion.txt
Artillrey Beacon.txt
Assassin Script.txt
Attack on Titan (Swords).txt
Avatar State.txt
Awesome Titan 2!.txt
Awesome Titan 3!.txt
Awesome Titan 4!.txt
Awesome Titan!.txt
Basic's admin.txt
Be A Duck.txt
Be Bowser.txt
Be Dat Boi.txt
Be Sonic.txt
Be The Cake.txt
Become a duck.txt
Big Boy Script.txt
Big Head all.txt
Blackjack NIGHTWING.txt
Blue Lua STaff.txt
Boobies And Ass.txt
Book of Wisdom.txt
Bridge Tool.txt
Bring All.txt
Bring User.txt
Buster XTerminators.txt
Bypassed Fuck.txt
Bypassed Music Gui.txt
Caelestis Baculus.txt
Candy Van (KILLS PEOPLE).txt
Cerberus Fang.txt
Change Stat.txt
Chaos Folder Hakumen.txt
Chat Guests.txt
Chat is Die.txt
ChatSpam (1).txt
Cheese Man.txt
Chicken meh!.txt
Christmas Tycoon Scripts.txt
Chrono Gauntlets.txt
Chrono Pugilist.txt
Color ball thing.txt
Combat Knife.txt
Concussion Grenade.txt
Cool Gui.txt
Crimson Sonata.txt
Crimson Sonato.txt
Crystal Gauntlets.txt
Cyan Slicer.txt
DAB (2).txt
Damage Code.txt
Dance for me daddy.txt
Dark Knight.txt
DIY Sellion.txt
Dodge Face.txt
Dragon Morph.txt
Dragon Power.txt
Dual Fivesevens.txt
Dual Pistols.txt
Dubstep Gun.txt
Epico's Dancer.txt
Eragon Unit.txt
ESP for PF.txt
Eternal Flames.txt
Evil Duck Morph.txt
Exia Unit.txt
EXPLOIT GUI.txt
Explorer Script.txt
Eyelazer script.txt
Ezio Suit.txt
Faces Gui.txt
Fake Button.txt
Fancy Tablet.txt
FE Check.txt
FE Control Script.txt
Fenrier Animations.txt
Fire Bending.txt
Fire Mage.txt
Floating House.txt
Fly Tool.txt
Frag Grenade.txt
Frozen Zealot.txt
Getobjects Sellion.txt
Ghost all.txt
Gn Defender.txt
Goku Gear.txt
Grab Script.txt
Grapefruit Grenade.txt
Grasp Of Midas.txt
Grass Bending.txt
Great Roi.txt
Hacked By.txt
hamsterball local - Copy.txt
hamsterball local.txt
Happy Chaos Folder.txt
HK 417.txt
Hono Arm Cannons.txt
Hook and Clever.txt
house builder.txt
Hyacintho Flamma Poenos.txt
icey void staff.txt
ILLUMINATI EVRY.txt
Illuminati Particles.txt
Infinity X.txt
Invisible Head.txt
Jarred Dancer v1.txt
Jarred's Gravity Hammer.txt
Karate Gui.txt
Kill (LUA).txt
Kill (REAL) (LUA).lua.txt
Kill All.txt
Kill Others.txt
Kill Player.txt
King absalom.txt
Kyofu no aka burodo.txt
L.C Guardian.txt
Laser Arm.txt
Laser Eyes.txt
Latest PME4.txt
Leaf Blower.txt
Limb Launcher.txt
lollllll light.txt
Loopkill Specifc Players.txt
Lua Hammer.txt
Lumber Gui.txt
Lumber Tycoon Scripts.txt
M110 SASS.txt
M4A1 Magpul.txt
Mad Paintball 2 GOD.txt
Madiik's Plasma Shotgun.txt
Magic Booklet.txt
Makes Everyone Swear.txt
Map Backup and Restore.txt
Masacre edit.txt
Mechanical Gauntlets.txt
Meep City.txt
Meme Gui - Copy.txt
Message As Others.txt
Meteor Smasher.txt
Mini box visi.txt
Mini Me.txt
Mini Peeps.txt
MLG Particles.txt
MM2 Script Coin Grabber.txt
Moonlight Katana.txt
Moonman (1).txt
MP412 Magnums.txt
Neon Glow.txt
NightOwl Drakling.txt
Nightwing Plasma Cutters.txt
Nil Dragon.txt
NonFe Kick Script.txt
Orion Slicer.txt
Orion Zerstoter.txt
Oroshi Arm Cannons.txt
Overseer's Demise.txt
Panda Sword.txt
Parkour Script.txt
Pepe Gui - Copy.txt
Pepe GUI.txt
Pheonix Sword.txt
Place turret (3).txt
PME admin.txt
PME'S GUI.txt
Pokemon GO 2 GUI.txt
Portrition Bow A.X.R.txt
PPATTA face.txt
Print Workscpace.txt
Project Pokemon.txt
PS 51.txt
Punish all.txt
Punish Others.txt
R 700.txt
Rainbow Fire.txt
Rainbow Name.txt
Raindrop Cloud.txt
Raindrop Gui.txt
Raining weed!.txt
Rains Weed.txt
RDM Lightsaber.txt
Read me.txt
Reaper Apocalypse.txt
RMDX Lance.txt
RMDX Lightsaber[s].txt
RMDX Red BladesPart1.txt
RMDX Red BladesPart2.txt
Ro-Xploit 4.0.txt
Ro-Xploit 5.0.txt
Roblox Got Talent GUI.txt
Rocky2u's Command Script.txt
Rockys Admin - Copy - Kopi.txt
Rockys Admin - Copy.txt
Rokydanye REWORK.txt
RPG - 7.txt
RunicTunes wip.txt
Scar - L.txt
Scar 16 S.txt
Scar H.txt
Scythe V2.txt
Scython Blades.txt
Sellion Armored.txt
Server Destruction Gui.txt
SG 5553.txt
Shock Lance.txt
Shoulder Ride.txt
Some teleport thing.txt
Spam CHat Kohls Chat.txt
Spas 12.txt
spray can.txt
Statchance everyone.txt
Subsitution Sword (VERY RARE).txt
Tac 50.txt
Tachikito X-2 Ground Crab.txt
Tanto Knife.txt
TB Axe.txt
TB Buster.txt
TB BusterPart2.txt
TB Sword.txt
TB Turret.txt
Teapot Morph.txt
Techno Guantlet.txt
Teleport Tool.txt
Tesla Cannon.txt
TF2 Dubstep Gun.txt
TF2 Heavygun.txt
TF2 Pipebomb Launcher.txt
TF2 Pryo Flamethrower.txt
TF2 Rocket Launcher.txt
TF2 Scout Shotgun.txt
Thomas_The_Dank_Engine (1).txt
Three Sword Style.txt
TM Always Murderer - Copy.txt
TM Always Murderer.txt
TM Rank 1337.txt
TM Rank 2537 - Copy.txt
TM Unlock All Items - Copy.txt
TM Unlock All Items.txt
Troll Face.txt
Trump Face.txt
Trump Particles.txt
Turn Everyone Into Rockets.txt
V3rmillion Tabs.txt
Visualizer v2.txt
Voids_Logger (4).txt
VSS Gun.txt
VSS Vintorez.txt
Vulcan WIP.txt
Water Bending.txt
We Are Number 1.txt
Weird Shit.txt
WS Loop.txt
Yandere Sword.txt
YourMom Gui.txt
Zeus Staff.txt
Bismut-Aimbot.txt
